Copyright 1986-2018 Xilinx, Inc. All Rights Reserved.
------------------------------------------------------------------------------------
| Tool Version : Vivado v.2018.3 (win64) Build 2405991 Thu Dec  6 23:38:27 MST 2018
| Date         : Fri Mar 31 20:18:05 2023
| Host         : DESKTOP-T7NU7VJ running 64-bit major release  (build 9200)
| Command      : report_control_sets -verbose -file main_control_sets_placed.rpt
| Design       : main
| Device       : xc7a35t
------------------------------------------------------------------------------------

Control Set Information

Table of Contents
-----------------
1. Summary
2. Histogram
3. Flip-Flop Distribution
4. Detailed Control Set Information

1. Summary
----------

+----------------------------------------------------------+-------+
|                          Status                          | Count |
+----------------------------------------------------------+-------+
| Number of unique control sets                            |   201 |
| Unused register locations in slices containing registers |   212 |
+----------------------------------------------------------+-------+


2. Histogram
------------

+--------+--------------+
| Fanout | Control Sets |
+--------+--------------+
|      2 |            2 |
|      4 |            1 |
|      6 |            1 |
|      7 |            5 |
|      8 |            4 |
|      9 |            2 |
|     10 |            1 |
|     11 |            1 |
|     15 |           40 |
|    16+ |          144 |
+--------+--------------+


3. Flip-Flop Distribution
-------------------------

+--------------+-----------------------+------------------------+-----------------+--------------+
| Clock Enable | Synchronous Set/Reset | Asynchronous Set/Reset | Total Registers | Total Slices |
+--------------+-----------------------+------------------------+-----------------+--------------+
| No           | No                    | No                     |             111 |           83 |
| No           | No                    | Yes                    |             111 |           64 |
| No           | Yes                   | No                     |              16 |            4 |
| Yes          | No                    | No                     |            2391 |          658 |
| Yes          | No                    | Yes                    |               0 |            0 |
| Yes          | Yes                   | No                     |            2127 |          842 |
+--------------+-----------------------+------------------------+-----------------+--------------+


4. Detailed Control Set Information
-----------------------------------

+----------------+-------------------------------------------------------------------------------------------------------+------------------------------------------------------------------------------------------+------------------+----------------+
|  Clock Signal  |                                             Enable Signal                                             |                                     Set/Reset Signal                                     | Slice Load Count | Bel Load Count |
+----------------+-------------------------------------------------------------------------------------------------------+------------------------------------------------------------------------------------------+------------------+----------------+
|  CLK_IBUF_BUFG | LAYER_VRELU_6/single_relu_generate[2].scalar_relu/E[0]                                                |                                                                                          |                1 |              2 |
|  clkctrl/CLK   |                                                                                                       |                                                                                          |                1 |              2 |
|  CLK_IBUF_BUFG |                                                                                                       | LAYER_MMSU_5/single_vector_multiplier_generate[1].vector_multiply/reset__0               |                2 |              4 |
|  CLK_IBUF_BUFG | LAYER_MMSU_3/single_vector_multiplier_generate[11].vector_multiply/w_sig0                             |                                                                                          |                3 |              6 |
|  CLK_IBUF_BUFG | LAYER_MMSU_3/single_vector_multiplier_generate[10].vector_multiply/w_sig[15]_i_1__28_n_0              |                                                                                          |                4 |              7 |
|  CLK_IBUF_BUFG |                                                                                                       | LAYER_VRELU_4/single_relu_generate[2].scalar_relu/layer_5_reset                          |                4 |              7 |
|  CLK_IBUF_BUFG | LAYER_MMSU_3/single_vector_multiplier_generate[2].vector_multiply/w_sig[15]_i_1__26_n_0               |                                                                                          |                2 |              7 |
|  CLK_IBUF_BUFG | comms/FSM_onehot_count[6]_i_2_n_0                                                                     | comms/count0                                                                             |                3 |              7 |
|  CLK_IBUF_BUFG | LAYER_MMSU_3/single_vector_multiplier_generate[8].vector_multiply/w_sig[15]_i_1__27_n_0               |                                                                                          |                4 |              7 |
| ~CLK_IBUF_BUFG |                                                                                                       |                                                                                          |                4 |              8 |
|  CLK_IBUF_BUFG | LAYER_MMSU_3/single_vector_multiplier_generate[0].vector_multiply/w_sig[15]_i_1__25_n_0               |                                                                                          |                5 |              8 |
|  CLK_IBUF_BUFG | comms/input_data_reg[7]_i_1_n_0                                                                       |                                                                                          |                7 |              8 |
|  CLK_IBUF_BUFG | LAYER_MMSU_5/single_vector_multiplier_generate[0].vector_multiply/w_sig[15]_i_1__30_n_0               |                                                                                          |                5 |              8 |
|  CLK_IBUF_BUFG | LAYER_MMSU_3/single_vector_multiplier_generate[15].vector_multiply/w_sig[15]_i_1__29_n_0              |                                                                                          |                2 |              9 |
|  CLK_IBUF_BUFG | LAYER_MMSU_5/single_vector_multiplier_generate[2].vector_multiply/w_sig[15]_i_1__32_n_0               |                                                                                          |                5 |              9 |
|  CLK_IBUF_BUFG | LAYER_MMSU_3/single_vector_multiplier_generate[4].vector_multiply/w_sig0                              |                                                                                          |                4 |             10 |
|  CLK_IBUF_BUFG | LAYER_MMSU_3/single_vector_multiplier_generate[7].vector_multiply/w_sig0                              |                                                                                          |                3 |             11 |
|  CLK_IBUF_BUFG | LAYER_MMSU_3/single_vector_multiplier_generate[0].vector_multiply/result[14]_i_1__18_n_0              |                                                                                          |                3 |             15 |
|  CLK_IBUF_BUFG | LAYER_MMSU_1/single_vector_multiplier_generate[10].vector_multiply/result0                            |                                                                                          |                4 |             15 |
|  CLK_IBUF_BUFG | LAYER_MMSU_3/single_vector_multiplier_generate[14].vector_multiply/result[14]_i_1__29_n_0             |                                                                                          |                3 |             15 |
|  CLK_IBUF_BUFG | LAYER_MMSU_1/single_vector_multiplier_generate[0].vector_multiply/result0                             |                                                                                          |                3 |             15 |
|  CLK_IBUF_BUFG | LAYER_MMSU_3/single_vector_multiplier_generate[13].vector_multiply/result[14]_i_1__28_n_0             |                                                                                          |                3 |             15 |
|  CLK_IBUF_BUFG | LAYER_MMSU_3/single_vector_multiplier_generate[10].vector_multiply/result[14]_i_1__26_n_0             |                                                                                          |                4 |             15 |
|  CLK_IBUF_BUFG | LAYER_MMSU_3/single_vector_multiplier_generate[12].vector_multiply/result[14]_i_1__27_n_0             |                                                                                          |                4 |             15 |
|  CLK_IBUF_BUFG | LAYER_MMSU_3/single_vector_multiplier_generate[11].vector_multiply/result0                            |                                                                                          |                5 |             15 |
|  CLK_IBUF_BUFG | LAYER_MMSU_3/single_vector_multiplier_generate[4].vector_multiply/w_sig0                              | LAYER_MMSU_3/single_vector_multiplier_generate[4].vector_multiply/in_sig[15]_i_1__1_n_0  |               15 |             15 |
|  CLK_IBUF_BUFG | LAYER_MMSU_3/single_vector_multiplier_generate[4].vector_multiply/result0                             |                                                                                          |                2 |             15 |
|  CLK_IBUF_BUFG | LAYER_MMSU_1/single_vector_multiplier_generate[7].vector_multiply/result0                             |                                                                                          |                2 |             15 |
|  CLK_IBUF_BUFG | LAYER_MMSU_1/single_vector_multiplier_generate[12].vector_multiply/result0                            |                                                                                          |                3 |             15 |
|  CLK_IBUF_BUFG | LAYER_MMSU_1/single_vector_multiplier_generate[14].vector_multiply/result0                            |                                                                                          |                4 |             15 |
|  CLK_IBUF_BUFG | LAYER_MMSU_3/single_vector_multiplier_generate[2].vector_multiply/w_sig[15]_i_1__26_n_0               | LAYER_MMSU_3/single_vector_multiplier_generate[2].vector_multiply/in_sig[15]_i_1__0_n_0  |               15 |             15 |
|  CLK_IBUF_BUFG | LAYER_MMSU_1/single_vector_multiplier_generate[13].vector_multiply/result0                            |                                                                                          |                4 |             15 |
|  CLK_IBUF_BUFG | LAYER_MMSU_1/single_vector_multiplier_generate[8].vector_multiply/result0                             |                                                                                          |                4 |             15 |
|  CLK_IBUF_BUFG | LAYER_MMSU_1/single_vector_multiplier_generate[15].vector_multiply/result0                            |                                                                                          |                2 |             15 |
|  CLK_IBUF_BUFG | LAYER_MMSU_3/single_vector_multiplier_generate[2].vector_multiply/result[14]_i_1__20_n_0              |                                                                                          |                4 |             15 |
|  CLK_IBUF_BUFG | LAYER_MMSU_3/single_vector_multiplier_generate[3].vector_multiply/result[14]_i_1__21_n_0              |                                                                                          |                3 |             15 |
|  CLK_IBUF_BUFG | LAYER_MMSU_1/single_vector_multiplier_generate[6].vector_multiply/result0                             |                                                                                          |                3 |             15 |
|  CLK_IBUF_BUFG | LAYER_MMSU_1/single_vector_multiplier_generate[1].vector_multiply/result0                             |                                                                                          |                4 |             15 |
|  CLK_IBUF_BUFG | LAYER_MMSU_3/single_vector_multiplier_generate[5].vector_multiply/result[14]_i_1__22_n_0              |                                                                                          |                5 |             15 |
|  CLK_IBUF_BUFG | LAYER_MMSU_3/single_vector_multiplier_generate[6].vector_multiply/result[14]_i_1__23_n_0              |                                                                                          |                5 |             15 |
|  CLK_IBUF_BUFG | LAYER_MMSU_5/single_vector_multiplier_generate[2].vector_multiply/result[14]_i_1__33_n_0              |                                                                                          |                3 |             15 |
|  CLK_IBUF_BUFG | LAYER_MMSU_1/single_vector_multiplier_generate[2].vector_multiply/result0                             |                                                                                          |                5 |             15 |
|  CLK_IBUF_BUFG | LAYER_MMSU_5/single_vector_multiplier_generate[2].vector_multiply/w_sig[15]_i_1__32_n_0               | LAYER_MMSU_5/single_vector_multiplier_generate[2].vector_multiply/in_sig[15]_i_1__23_n_0 |               15 |             15 |
|  CLK_IBUF_BUFG | LAYER_MMSU_3/single_vector_multiplier_generate[1].vector_multiply/result[14]_i_1__19_n_0              |                                                                                          |                4 |             15 |
|  CLK_IBUF_BUFG | LAYER_MMSU_5/single_vector_multiplier_generate[1].vector_multiply/result[14]_i_1__32_n_0              |                                                                                          |                5 |             15 |
|  CLK_IBUF_BUFG | LAYER_MMSU_1/single_vector_multiplier_generate[3].vector_multiply/result0                             |                                                                                          |                3 |             15 |
|  CLK_IBUF_BUFG | LAYER_MMSU_1/single_vector_multiplier_generate[9].vector_multiply/result0                             |                                                                                          |                4 |             15 |
|  CLK_IBUF_BUFG | LAYER_MMSU_5/single_vector_multiplier_generate[0].vector_multiply/result[14]_i_1__31_n_0              |                                                                                          |                3 |             15 |
|  CLK_IBUF_BUFG | LAYER_MMSU_3/single_vector_multiplier_generate[9].vector_multiply/result[14]_i_1__25_n_0              |                                                                                          |                3 |             15 |
|  CLK_IBUF_BUFG | LAYER_MMSU_1/single_vector_multiplier_generate[4].vector_multiply/result0                             |                                                                                          |                5 |             15 |
|  CLK_IBUF_BUFG | LAYER_MMSU_1/single_vector_multiplier_generate[11].vector_multiply/result0                            |                                                                                          |                4 |             15 |
|  CLK_IBUF_BUFG | LAYER_MMSU_3/single_vector_multiplier_generate[7].vector_multiply/w_sig0                              | LAYER_MMSU_3/single_vector_multiplier_generate[7].vector_multiply/in_sig[15]_i_1__2_n_0  |               15 |             15 |
|  CLK_IBUF_BUFG | LAYER_MMSU_3/single_vector_multiplier_generate[15].vector_multiply/w_sig[15]_i_1__29_n_0              | LAYER_MMSU_3/single_vector_multiplier_generate[15].vector_multiply/in_sig[15]_i_1__5_n_0 |               15 |             15 |
|  CLK_IBUF_BUFG | LAYER_MMSU_1/single_vector_multiplier_generate[5].vector_multiply/result0                             |                                                                                          |                4 |             15 |
|  CLK_IBUF_BUFG | LAYER_MMSU_3/single_vector_multiplier_generate[7].vector_multiply/result0                             |                                                                                          |                5 |             15 |
|  CLK_IBUF_BUFG | LAYER_MMSU_3/single_vector_multiplier_generate[15].vector_multiply/result[14]_i_1__30_n_0             |                                                                                          |                3 |             15 |
|  CLK_IBUF_BUFG | LAYER_MMSU_3/single_vector_multiplier_generate[8].vector_multiply/result[14]_i_1__24_n_0              |                                                                                          |                3 |             15 |
|  CLK_IBUF_BUFG | LAYER_MMSU_3/single_vector_multiplier_generate[6].vector_multiply/E[0]                                | LAYER_MMSU_3/single_vector_multiplier_generate[6].vector_multiply/start_reg[0]_5[0]      |                5 |             16 |
|  CLK_IBUF_BUFG | LAYER_MMSU_3/single_vector_multiplier_generate[6].vector_multiply/E[0]                                | LAYER_MMSU_3/single_vector_multiplier_generate[6].vector_multiply/SR[0]                  |                3 |             16 |
|  CLK_IBUF_BUFG | LAYER_MMSU_3/single_vector_multiplier_generate[6].vector_multiply/E[0]                                | LAYER_MMSU_3/single_vector_multiplier_generate[6].vector_multiply/start_reg[0]_12[0]     |                7 |             16 |
|  CLK_IBUF_BUFG | LAYER_MMSU_3/single_vector_multiplier_generate[6].vector_multiply/E[0]                                | LAYER_MMSU_3/single_vector_multiplier_generate[6].vector_multiply/start_reg[0]_7[0]      |                5 |             16 |
|  CLK_IBUF_BUFG |                                                                                                       | clkctrl/c                                                                                |                4 |             16 |
|  CLK_IBUF_BUFG | LAYER_MMSU_3/single_vector_multiplier_generate[6].vector_multiply/E[0]                                | LAYER_MMSU_3/single_vector_multiplier_generate[6].vector_multiply/start_reg[0]_3[0]      |                7 |             16 |
|  CLK_IBUF_BUFG | LAYER_MMSU_3/single_vector_multiplier_generate[6].vector_multiply/E[0]                                | LAYER_MMSU_3/single_vector_multiplier_generate[6].vector_multiply/start_reg[0]_2[0]      |                8 |             16 |
|  CLK_IBUF_BUFG | LAYER_MMSU_3/single_vector_multiplier_generate[6].vector_multiply/E[0]                                | LAYER_MMSU_3/single_vector_multiplier_generate[6].vector_multiply/start_reg[0]_0[0]      |                5 |             16 |
|  CLK_IBUF_BUFG | LAYER_MMSU_3/single_vector_multiplier_generate[6].vector_multiply/E[0]                                | LAYER_MMSU_3/single_vector_multiplier_generate[6].vector_multiply/start_reg[0]_13[0]     |                3 |             16 |
|  CLK_IBUF_BUFG | LAYER_MMSU_3/single_vector_multiplier_generate[6].vector_multiply/E[0]                                | LAYER_MMSU_3/single_vector_multiplier_generate[6].vector_multiply/start_reg[0]_6[0]      |                5 |             16 |
|  CLK_IBUF_BUFG | LAYER_MMSU_3/single_vector_multiplier_generate[6].vector_multiply/E[0]                                | LAYER_MMSU_3/single_vector_multiplier_generate[6].vector_multiply/start_reg[0]_10[0]     |                3 |             16 |
|  CLK_IBUF_BUFG | LAYER_MMSU_3/single_vector_multiplier_generate[6].vector_multiply/E[0]                                | LAYER_MMSU_3/single_vector_multiplier_generate[6].vector_multiply/start_reg[0]_8[0]      |                7 |             16 |
|  CLK_IBUF_BUFG | LAYER_MMSU_3/single_vector_multiplier_generate[6].vector_multiply/E[0]                                | LAYER_MMSU_3/single_vector_multiplier_generate[6].vector_multiply/start_reg[0]_1[0]      |                4 |             16 |
|  CLK_IBUF_BUFG | LAYER_MMSU_3/single_vector_multiplier_generate[6].vector_multiply/E[0]                                | LAYER_MMSU_3/single_vector_multiplier_generate[6].vector_multiply/start_reg[0]_4[0]      |                9 |             16 |
|  CLK_IBUF_BUFG | LAYER_MMSU_3/single_vector_multiplier_generate[6].vector_multiply/E[0]                                | LAYER_MMSU_3/single_vector_multiplier_generate[6].vector_multiply/start_reg[0]_9[0]      |                8 |             16 |
|  CLK_IBUF_BUFG | LAYER_MMSU_3/single_vector_multiplier_generate[6].vector_multiply/E[0]                                | LAYER_MMSU_3/single_vector_multiplier_generate[6].vector_multiply/start_reg[0][0]        |                9 |             16 |
|  CLK_IBUF_BUFG | LAYER_MMSU_3/single_vector_multiplier_generate[6].vector_multiply/E[0]                                | LAYER_MMSU_3/single_vector_multiplier_generate[6].vector_multiply/start_reg[0]_11[0]     |                4 |             16 |
|  CLK_IBUF_BUFG | LAYER_MMSU_3/single_vector_multiplier_generate[8].vector_multiply/w_sig[15]_i_1__27_n_0               | LAYER_MMSU_3/single_vector_multiplier_generate[8].vector_multiply/in_sig[15]_i_1__3_n_0  |               16 |             16 |
|  CLK_IBUF_BUFG | LAYER_MMSU_1/single_vector_multiplier_generate[6].vector_multiply/E[0]                                | LAYER_MMSU_1/single_vector_multiplier_generate[6].vector_multiply/start_reg[0]_9[0]      |                6 |             16 |
|  CLK_IBUF_BUFG | LAYER_MMSU_5/single_vector_multiplier_generate[0].vector_multiply/w_sig[15]_i_1__30_n_0               | LAYER_MMSU_5/single_vector_multiplier_generate[0].vector_multiply/in_sig[15]_i_1__22_n_0 |               16 |             16 |
|  CLK_IBUF_BUFG | LAYER_MMSU_5/single_vector_multiplier_generate[1].vector_multiply/E[0]                                | LAYER_MMSU_5/single_vector_multiplier_generate[0].vector_multiply/done_reg_0[0]          |                5 |             16 |
|  CLK_IBUF_BUFG | LAYER_MMSU_5/single_vector_multiplier_generate[1].vector_multiply/E[0]                                | LAYER_MMSU_5/single_vector_multiplier_generate[1].vector_multiply/done_reg_1[0]          |                7 |             16 |
|  CLK_IBUF_BUFG | LAYER_MMSU_5/single_vector_multiplier_generate[1].vector_multiply/E[0]                                | LAYER_MMSU_5/single_vector_multiplier_generate[2].vector_multiply/SR[0]                  |                6 |             16 |
|  CLK_IBUF_BUFG | comms/input_2_data[15]_i_1_n_0                                                                        | comms/count0                                                                             |               10 |             16 |
|  CLK_IBUF_BUFG | comms/input_1_data[15]_i_1_n_0                                                                        | comms/count0                                                                             |               11 |             16 |
|  CLK_IBUF_BUFG | comms/fpga_ready_signal2_out                                                                          | comms/count0                                                                             |                8 |             16 |
|  CLK_IBUF_BUFG | LAYER_MMSU_1/single_vector_multiplier_generate[6].vector_multiply/E[0]                                | LAYER_MMSU_1/single_vector_multiplier_generate[0].vector_multiply/start_reg[0][0]        |                9 |             16 |
|  CLK_IBUF_BUFG | LAYER_MMSU_1/single_vector_multiplier_generate[6].vector_multiply/E[0]                                | LAYER_MMSU_1/single_vector_multiplier_generate[12].vector_multiply/start_reg[0][0]       |                5 |             16 |
|  CLK_IBUF_BUFG | LAYER_MMSU_1/single_vector_multiplier_generate[6].vector_multiply/E[0]                                | LAYER_MMSU_1/single_vector_multiplier_generate[6].vector_multiply/start_reg[0]_7[0]      |                6 |             16 |
|  CLK_IBUF_BUFG | LAYER_MMSU_1/single_vector_multiplier_generate[6].vector_multiply/E[0]                                | LAYER_MMSU_1/single_vector_multiplier_generate[6].vector_multiply/start_reg[0]_8[0]      |                7 |             16 |
|  CLK_IBUF_BUFG | LAYER_MMSU_1/single_vector_multiplier_generate[6].vector_multiply/E[0]                                | LAYER_MMSU_1/single_vector_multiplier_generate[6].vector_multiply/start_reg[0][0]        |                6 |             16 |
|  CLK_IBUF_BUFG | LAYER_MMSU_1/single_vector_multiplier_generate[6].vector_multiply/E[0]                                | LAYER_MMSU_1/single_vector_multiplier_generate[6].vector_multiply/start_reg[0]_0[0]      |                7 |             16 |
|  CLK_IBUF_BUFG | LAYER_MMSU_1/single_vector_multiplier_generate[6].vector_multiply/E[0]                                | LAYER_MMSU_1/single_vector_multiplier_generate[6].vector_multiply/start_reg[0]_1[0]      |                7 |             16 |
|  CLK_IBUF_BUFG | LAYER_MMSU_1/single_vector_multiplier_generate[6].vector_multiply/E[0]                                | LAYER_MMSU_1/single_vector_multiplier_generate[6].vector_multiply/start_reg[0]_10[0]     |                7 |             16 |
|  CLK_IBUF_BUFG | LAYER_MMSU_1/single_vector_multiplier_generate[6].vector_multiply/E[0]                                | LAYER_MMSU_1/single_vector_multiplier_generate[6].vector_multiply/start_reg[0]_2[0]      |                6 |             16 |
|  CLK_IBUF_BUFG | LAYER_MMSU_1/single_vector_multiplier_generate[6].vector_multiply/E[0]                                | LAYER_MMSU_1/single_vector_multiplier_generate[6].vector_multiply/start_reg[0]_3[0]      |                4 |             16 |
|  CLK_IBUF_BUFG | LAYER_MMSU_1/single_vector_multiplier_generate[6].vector_multiply/E[0]                                | LAYER_MMSU_1/single_vector_multiplier_generate[6].vector_multiply/start_reg[0]_11[0]     |                3 |             16 |
|  CLK_IBUF_BUFG | LAYER_MMSU_1/single_vector_multiplier_generate[6].vector_multiply/E[0]                                | LAYER_MMSU_1/single_vector_multiplier_generate[6].vector_multiply/start_reg[0]_4[0]      |                7 |             16 |
|  CLK_IBUF_BUFG | LAYER_MMSU_1/single_vector_multiplier_generate[6].vector_multiply/E[0]                                | LAYER_MMSU_1/single_vector_multiplier_generate[6].vector_multiply/start_reg[0]_5[0]      |                8 |             16 |
|  CLK_IBUF_BUFG | LAYER_MMSU_1/single_vector_multiplier_generate[6].vector_multiply/E[0]                                | LAYER_MMSU_1/single_vector_multiplier_generate[6].vector_multiply/start_reg[0]_6[0]      |                5 |             16 |
|  CLK_IBUF_BUFG | LAYER_MMSU_1/single_vector_multiplier_generate[6].vector_multiply/E[0]                                | LAYER_MMSU_1/single_vector_multiplier_generate[6].vector_multiply/SR[0]                  |                4 |             16 |
|  CLK_IBUF_BUFG | LAYER_MMSU_3/single_vector_multiplier_generate[0].vector_multiply/w_sig[15]_i_1__25_n_0               | LAYER_MMSU_3/single_vector_multiplier_generate[0].vector_multiply/in_sig[15]_i_1_n_0     |               16 |             16 |
|  CLK_IBUF_BUFG | LAYER_MMSU_3/single_vector_multiplier_generate[10].vector_multiply/w_sig[15]_i_1__28_n_0              | LAYER_MMSU_3/single_vector_multiplier_generate[10].vector_multiply/in_sig[15]_i_1__4_n_0 |               16 |             16 |
|  CLK_IBUF_BUFG |                                                                                                       | LAYER_MMSU_1/single_vector_multiplier_generate[6].vector_multiply/done_reg_0             |                5 |             17 |
|  CLK_IBUF_BUFG |                                                                                                       | LAYER_MMSU_3/layer_3_done                                                                |                4 |             17 |
|  CLK_IBUF_BUFG | LAYER_MMSU_3/single_vector_multiplier_generate[11].vector_multiply/w_sig0                             | LAYER_MMSU_3/single_vector_multiplier_generate[11].vector_multiply/w_sig[7]_i_1__6_n_0   |               16 |             19 |
|  CLK_IBUF_BUFG | LAYER_MMSU_1/single_vector_multiplier_generate[1].vector_multiply/w_sig0                              |                                                                                          |                7 |             22 |
|  CLK_IBUF_BUFG | LAYER_MMSU_1/single_vector_multiplier_generate[2].vector_multiply/w_sig0                              |                                                                                          |                7 |             22 |
|  CLK_IBUF_BUFG | LAYER_MMSU_1/single_vector_multiplier_generate[10].vector_multiply/w_sig0                             |                                                                                          |                6 |             22 |
|  CLK_IBUF_BUFG | LAYER_MMSU_1/single_vector_multiplier_generate[8].vector_multiply/w_sig0                              |                                                                                          |               10 |             22 |
|  CLK_IBUF_BUFG | LAYER_MMSU_1/single_vector_multiplier_generate[13].vector_multiply/w_sig0                             |                                                                                          |                8 |             23 |
|  CLK_IBUF_BUFG | LAYER_MMSU_1/single_vector_multiplier_generate[11].vector_multiply/w_sig0                             |                                                                                          |                7 |             23 |
|  CLK_IBUF_BUFG | LAYER_MMSU_1/single_vector_multiplier_generate[14].vector_multiply/w_sig0                             |                                                                                          |                6 |             23 |
|  CLK_IBUF_BUFG | LAYER_MMSU_1/single_vector_multiplier_generate[9].vector_multiply/w_sig0                              |                                                                                          |               10 |             23 |
|  CLK_IBUF_BUFG | LAYER_MMSU_1/single_vector_multiplier_generate[6].vector_multiply/w_sig0                              |                                                                                          |                7 |             23 |
|  CLK_IBUF_BUFG | LAYER_MMSU_1/single_vector_multiplier_generate[3].vector_multiply/w_sig0                              |                                                                                          |                9 |             23 |
|  CLK_IBUF_BUFG | LAYER_MMSU_1/single_vector_multiplier_generate[4].vector_multiply/w_sig0                              |                                                                                          |                8 |             24 |
|  CLK_IBUF_BUFG | LAYER_MMSU_1/single_vector_multiplier_generate[15].vector_multiply/w_sig0                             |                                                                                          |                7 |             24 |
|  CLK_IBUF_BUFG | LAYER_MMSU_1/single_vector_multiplier_generate[0].vector_multiply/w_sig0                              |                                                                                          |               11 |             24 |
|  CLK_IBUF_BUFG | LAYER_MMSU_1/single_vector_multiplier_generate[5].vector_multiply/w_sig0                              |                                                                                          |                9 |             25 |
|  CLK_IBUF_BUFG | LAYER_MMSU_1/single_vector_multiplier_generate[12].vector_multiply/w_sig0                             |                                                                                          |               10 |             25 |
|  CLK_IBUF_BUFG | LAYER_MMSU_3/single_vector_multiplier_generate[12].vector_multiply/w_sig[4]_i_2__0_n_0                | LAYER_MMSU_3/single_vector_multiplier_generate[12].vector_multiply/w_sig[4]_i_1__8_n_0   |               18 |             25 |
|  CLK_IBUF_BUFG | LAYER_MMSU_3/single_vector_multiplier_generate[6].vector_multiply/w_sig[5]_i_2_n_0                    | LAYER_MMSU_3/single_vector_multiplier_generate[6].vector_multiply/w_sig[5]_i_1__2_n_0    |               19 |             25 |
|  CLK_IBUF_BUFG | LAYER_MMSU_1/single_vector_multiplier_generate[7].vector_multiply/w_sig0                              |                                                                                          |               13 |             26 |
|  CLK_IBUF_BUFG | LAYER_MMSU_3/single_vector_multiplier_generate[9].vector_multiply/w_sig[15]_i_2__17_n_0               | LAYER_MMSU_3/single_vector_multiplier_generate[9].vector_multiply/w_sig[15]_i_1__5_n_0   |               19 |             26 |
|  CLK_IBUF_BUFG | LAYER_MMSU_3/single_vector_multiplier_generate[3].vector_multiply/w_sig[15]_i_2__14_n_0               | LAYER_MMSU_3/single_vector_multiplier_generate[3].vector_multiply/w_sig[15]_i_1__0_n_0   |               19 |             26 |
|  CLK_IBUF_BUFG | LAYER_MMSU_3/single_vector_multiplier_generate[14].vector_multiply/w_sig[15]_i_2__19_n_0              | LAYER_MMSU_3/single_vector_multiplier_generate[14].vector_multiply/w_sig[15]_i_1__9_n_0  |               18 |             26 |
|  CLK_IBUF_BUFG | LAYER_MMSU_3/single_vector_multiplier_generate[5].vector_multiply/w_sig[15]_i_2__15_n_0               | LAYER_MMSU_3/single_vector_multiplier_generate[5].vector_multiply/w_sig[15]_i_1__2_n_0   |               19 |             26 |
|  CLK_IBUF_BUFG | LAYER_MMSU_3/single_vector_multiplier_generate[13].vector_multiply/w_sig[15]_i_2__18_n_0              | LAYER_MMSU_3/single_vector_multiplier_generate[13].vector_multiply/w_sig[15]_i_1__8_n_0  |               18 |             26 |
|  CLK_IBUF_BUFG | LAYER_MMSU_5/single_vector_multiplier_generate[1].vector_multiply/w_sig[15]_i_2__20_n_0               | LAYER_MMSU_5/single_vector_multiplier_generate[1].vector_multiply/w_sig[15]_i_1__31_n_0  |               19 |             27 |
|  CLK_IBUF_BUFG | LAYER_MMSU_3/single_vector_multiplier_generate[1].vector_multiply/w_sig[15]_i_2__13_n_0               | LAYER_MMSU_3/single_vector_multiplier_generate[1].vector_multiply/w_sig[15]_i_1_n_0      |               19 |             27 |
|  CLK_IBUF_BUFG | LAYER_MMSU_1/single_vector_multiplier_generate[0].vector_multiply/i0                                  | LAYER_MMSU_1/single_vector_multiplier_generate[15].vector_multiply/clear                 |                8 |             32 |
|  CLK_IBUF_BUFG | LAYER_MMSU_1/single_vector_multiplier_generate[12].vector_multiply/i0                                 | LAYER_MMSU_1/single_vector_multiplier_generate[15].vector_multiply/clear                 |                8 |             32 |
|  CLK_IBUF_BUFG | LAYER_MMSU_5/single_vector_multiplier_generate[1].vector_multiply/i[0]_i_1__30_n_0                    | LAYER_VRELU_4/single_relu_generate[2].scalar_relu/start_reg                              |                8 |             32 |
|  CLK_IBUF_BUFG | LAYER_MMSU_1/single_vector_multiplier_generate[13].vector_multiply/i0                                 | LAYER_MMSU_1/single_vector_multiplier_generate[15].vector_multiply/clear                 |                8 |             32 |
|  CLK_IBUF_BUFG | LAYER_MMSU_5/single_vector_multiplier_generate[2].vector_multiply/i[0]_i_1__31_n_0                    | LAYER_VRELU_4/single_relu_generate[2].scalar_relu/start_reg                              |                8 |             32 |
|  CLK_IBUF_BUFG | LAYER_MMSU_1/single_vector_multiplier_generate[14].vector_multiply/i0                                 | LAYER_MMSU_1/single_vector_multiplier_generate[15].vector_multiply/clear                 |                8 |             32 |
|  CLK_IBUF_BUFG | LAYER_MMSU_1/single_vector_multiplier_generate[15].vector_multiply/i0                                 | LAYER_MMSU_1/single_vector_multiplier_generate[15].vector_multiply/clear                 |                8 |             32 |
|  CLK_IBUF_BUFG | LAYER_MMSU_3/single_vector_multiplier_generate[1].vector_multiply/i[0]_i_1__15_n_0                    | LAYER_VRELU_2/single_relu_generate[12].scalar_relu/start_reg                             |                8 |             32 |
|  CLK_IBUF_BUFG | LAYER_MMSU_3/single_vector_multiplier_generate[11].vector_multiply/i[0]_i_1__25_n_0                   | LAYER_VRELU_2/single_relu_generate[12].scalar_relu/start_reg                             |                8 |             32 |
|  CLK_IBUF_BUFG | LAYER_MMSU_3/single_vector_multiplier_generate[2].vector_multiply/i[0]_i_1__16_n_0                    | LAYER_VRELU_2/single_relu_generate[12].scalar_relu/start_reg                             |                8 |             32 |
|  CLK_IBUF_BUFG | LAYER_MMSU_3/single_vector_multiplier_generate[6].vector_multiply/i[0]_i_1__20_n_0                    | LAYER_VRELU_2/single_relu_generate[12].scalar_relu/start_reg                             |                8 |             32 |
|  CLK_IBUF_BUFG | LAYER_MMSU_3/single_vector_multiplier_generate[12].vector_multiply/i[0]_i_1__26_n_0                   | LAYER_VRELU_2/single_relu_generate[12].scalar_relu/start_reg                             |                8 |             32 |
|  CLK_IBUF_BUFG | LAYER_MMSU_5/single_vector_multiplier_generate[0].vector_multiply/i[0]_i_2__1_n_0                     | LAYER_VRELU_4/single_relu_generate[2].scalar_relu/start_reg                              |                8 |             32 |
|  CLK_IBUF_BUFG | LAYER_MMSU_1/single_vector_multiplier_generate[3].vector_multiply/i0                                  | LAYER_MMSU_1/single_vector_multiplier_generate[15].vector_multiply/clear                 |                8 |             32 |
|  CLK_IBUF_BUFG | LAYER_MMSU_3/single_vector_multiplier_generate[3].vector_multiply/i[0]_i_1__17_n_0                    | LAYER_VRELU_2/single_relu_generate[12].scalar_relu/start_reg                             |                8 |             32 |
|  CLK_IBUF_BUFG | LAYER_MMSU_1/single_vector_multiplier_generate[8].vector_multiply/i0                                  | LAYER_MMSU_1/single_vector_multiplier_generate[15].vector_multiply/clear                 |                8 |             32 |
|  CLK_IBUF_BUFG | LAYER_MMSU_1/single_vector_multiplier_generate[4].vector_multiply/i0                                  | LAYER_MMSU_1/single_vector_multiplier_generate[15].vector_multiply/clear                 |                8 |             32 |
|  CLK_IBUF_BUFG | LAYER_MMSU_3/single_vector_multiplier_generate[15].vector_multiply/i[0]_i_1__29_n_0                   | LAYER_VRELU_2/single_relu_generate[12].scalar_relu/start_reg                             |                8 |             32 |
|  CLK_IBUF_BUFG | LAYER_MMSU_3/single_vector_multiplier_generate[9].vector_multiply/i[0]_i_1__23_n_0                    | LAYER_VRELU_2/single_relu_generate[12].scalar_relu/start_reg                             |                8 |             32 |
|  CLK_IBUF_BUFG | LAYER_MMSU_3/single_vector_multiplier_generate[4].vector_multiply/i[0]_i_1__18_n_0                    | LAYER_VRELU_2/single_relu_generate[12].scalar_relu/start_reg                             |                8 |             32 |
|  CLK_IBUF_BUFG | LAYER_MMSU_1/single_vector_multiplier_generate[7].vector_multiply/i0                                  | LAYER_MMSU_1/single_vector_multiplier_generate[15].vector_multiply/clear                 |                8 |             32 |
|  CLK_IBUF_BUFG | LAYER_MMSU_3/single_vector_multiplier_generate[5].vector_multiply/i[0]_i_1__19_n_0                    | LAYER_VRELU_2/single_relu_generate[12].scalar_relu/start_reg                             |                8 |             32 |
|  CLK_IBUF_BUFG | LAYER_MMSU_1/single_vector_multiplier_generate[11].vector_multiply/i0                                 | LAYER_MMSU_1/single_vector_multiplier_generate[15].vector_multiply/clear                 |                8 |             32 |
|  CLK_IBUF_BUFG | LAYER_MMSU_3/single_vector_multiplier_generate[0].vector_multiply/i[0]_i_2__0_n_0                     | LAYER_VRELU_2/single_relu_generate[12].scalar_relu/start_reg                             |                8 |             32 |
|  CLK_IBUF_BUFG | LAYER_MMSU_1/single_vector_multiplier_generate[9].vector_multiply/i0                                  | LAYER_MMSU_1/single_vector_multiplier_generate[15].vector_multiply/clear                 |                8 |             32 |
|  CLK_IBUF_BUFG | LAYER_MMSU_3/single_vector_multiplier_generate[13].vector_multiply/i[0]_i_1__27_n_0                   | LAYER_VRELU_2/single_relu_generate[12].scalar_relu/start_reg                             |                8 |             32 |
|  CLK_IBUF_BUFG | LAYER_MMSU_3/single_vector_multiplier_generate[10].vector_multiply/i[0]_i_1__24_n_0                   | LAYER_VRELU_2/single_relu_generate[12].scalar_relu/start_reg                             |                8 |             32 |
|  CLK_IBUF_BUFG | LAYER_MMSU_1/single_vector_multiplier_generate[5].vector_multiply/i0                                  | LAYER_MMSU_1/single_vector_multiplier_generate[15].vector_multiply/clear                 |                8 |             32 |
|  CLK_IBUF_BUFG | LAYER_MMSU_1/single_vector_multiplier_generate[10].vector_multiply/i0                                 | LAYER_MMSU_1/single_vector_multiplier_generate[15].vector_multiply/clear                 |                8 |             32 |
|  CLK_IBUF_BUFG | LAYER_MMSU_3/single_vector_multiplier_generate[8].vector_multiply/i[0]_i_1__22_n_0                    | LAYER_VRELU_2/single_relu_generate[12].scalar_relu/start_reg                             |                8 |             32 |
|  CLK_IBUF_BUFG | LAYER_MMSU_3/single_vector_multiplier_generate[7].vector_multiply/i[0]_i_1__21_n_0                    | LAYER_VRELU_2/single_relu_generate[12].scalar_relu/start_reg                             |                8 |             32 |
|  CLK_IBUF_BUFG | LAYER_MMSU_1/single_vector_multiplier_generate[6].vector_multiply/i0                                  | LAYER_MMSU_1/single_vector_multiplier_generate[15].vector_multiply/clear                 |                8 |             32 |
|  CLK_IBUF_BUFG | LAYER_MMSU_1/single_vector_multiplier_generate[2].vector_multiply/i0                                  | LAYER_MMSU_1/single_vector_multiplier_generate[15].vector_multiply/clear                 |                8 |             32 |
|  CLK_IBUF_BUFG | LAYER_MMSU_1/single_vector_multiplier_generate[1].vector_multiply/i0                                  | LAYER_MMSU_1/single_vector_multiplier_generate[15].vector_multiply/clear                 |                8 |             32 |
|  CLK_IBUF_BUFG | LAYER_MMSU_3/single_vector_multiplier_generate[14].vector_multiply/i[0]_i_1__28_n_0                   | LAYER_VRELU_2/single_relu_generate[12].scalar_relu/start_reg                             |                8 |             32 |
|  CLK_IBUF_BUFG |                                                                                                       | LAYER_VRELU_2/layer_2_done                                                               |               25 |             33 |
|  CLK_IBUF_BUFG |                                                                                                       | comms/a_num1_out_OBUF[1]                                                                 |               24 |             33 |
|  CLK_IBUF_BUFG | LAYER_MMSU_3/single_vector_multiplier_generate[7].vector_multiply/result_buffer_temp0                 |                                                                                          |               10 |             40 |
|  CLK_IBUF_BUFG | LAYER_MMSU_3/single_vector_multiplier_generate[13].vector_multiply/result_buffer_temp[47]_i_1__28_n_0 |                                                                                          |               10 |             40 |
|  CLK_IBUF_BUFG | LAYER_MMSU_3/single_vector_multiplier_generate[10].vector_multiply/result_buffer_temp[47]_i_1__26_n_0 |                                                                                          |               10 |             40 |
|  CLK_IBUF_BUFG | LAYER_MMSU_3/single_vector_multiplier_generate[12].vector_multiply/result_buffer_temp[47]_i_1__27_n_0 |                                                                                          |               10 |             40 |
|  CLK_IBUF_BUFG | LAYER_MMSU_3/single_vector_multiplier_generate[8].vector_multiply/result_buffer_temp[47]_i_1__24_n_0  |                                                                                          |               10 |             40 |
|  CLK_IBUF_BUFG | LAYER_MMSU_1/single_vector_multiplier_generate[3].vector_multiply/result_buffer_temp0                 |                                                                                          |               10 |             40 |
|  CLK_IBUF_BUFG | LAYER_MMSU_3/single_vector_multiplier_generate[5].vector_multiply/result_buffer_temp[47]_i_1__22_n_0  |                                                                                          |               10 |             40 |
|  CLK_IBUF_BUFG | LAYER_MMSU_3/single_vector_multiplier_generate[6].vector_multiply/result_buffer_temp[47]_i_1__23_n_0  |                                                                                          |               10 |             40 |
|  CLK_IBUF_BUFG | LAYER_MMSU_3/single_vector_multiplier_generate[3].vector_multiply/result_buffer_temp[47]_i_1__21_n_0  |                                                                                          |               10 |             40 |
|  CLK_IBUF_BUFG | LAYER_MMSU_3/single_vector_multiplier_generate[9].vector_multiply/result_buffer_temp[47]_i_1__25_n_0  |                                                                                          |               10 |             40 |
|  CLK_IBUF_BUFG | LAYER_MMSU_1/single_vector_multiplier_generate[4].vector_multiply/result_buffer_temp0                 |                                                                                          |               10 |             40 |
|  CLK_IBUF_BUFG | LAYER_MMSU_1/single_vector_multiplier_generate[7].vector_multiply/result_buffer_temp0                 |                                                                                          |               10 |             40 |
|  CLK_IBUF_BUFG | LAYER_MMSU_1/single_vector_multiplier_generate[13].vector_multiply/result_buffer_temp0                |                                                                                          |               10 |             40 |
|  CLK_IBUF_BUFG | LAYER_MMSU_3/single_vector_multiplier_generate[2].vector_multiply/result_buffer_temp[47]_i_1__20_n_0  |                                                                                          |               10 |             40 |
|  CLK_IBUF_BUFG | LAYER_MMSU_5/single_vector_multiplier_generate[0].vector_multiply/result_buffer_temp[47]_i_1__31_n_0  |                                                                                          |               10 |             40 |
|  CLK_IBUF_BUFG | LAYER_MMSU_1/single_vector_multiplier_generate[8].vector_multiply/result_buffer_temp0                 |                                                                                          |               10 |             40 |
|  CLK_IBUF_BUFG | LAYER_MMSU_3/single_vector_multiplier_generate[15].vector_multiply/result_buffer_temp[47]_i_1__30_n_0 |                                                                                          |               10 |             40 |
|  CLK_IBUF_BUFG | LAYER_MMSU_3/single_vector_multiplier_generate[11].vector_multiply/result_buffer_temp0                |                                                                                          |               10 |             40 |
|  CLK_IBUF_BUFG | LAYER_MMSU_5/single_vector_multiplier_generate[1].vector_multiply/result_buffer_temp[47]_i_1__32_n_0  |                                                                                          |               10 |             40 |
|  CLK_IBUF_BUFG | LAYER_MMSU_1/single_vector_multiplier_generate[0].vector_multiply/result_buffer_temp0                 |                                                                                          |               10 |             40 |
|  CLK_IBUF_BUFG | LAYER_MMSU_1/single_vector_multiplier_generate[9].vector_multiply/result_buffer_temp0                 |                                                                                          |               10 |             40 |
|  CLK_IBUF_BUFG | LAYER_MMSU_1/single_vector_multiplier_generate[15].vector_multiply/result_buffer_temp0                |                                                                                          |               10 |             40 |
|  CLK_IBUF_BUFG | LAYER_MMSU_1/single_vector_multiplier_generate[14].vector_multiply/result_buffer_temp0                |                                                                                          |               10 |             40 |
|  CLK_IBUF_BUFG | LAYER_MMSU_1/single_vector_multiplier_generate[12].vector_multiply/result_buffer_temp0                |                                                                                          |               10 |             40 |
|  CLK_IBUF_BUFG | LAYER_MMSU_5/single_vector_multiplier_generate[2].vector_multiply/result_buffer_temp[47]_i_1__33_n_0  |                                                                                          |               10 |             40 |
|  CLK_IBUF_BUFG | LAYER_MMSU_1/single_vector_multiplier_generate[6].vector_multiply/result_buffer_temp0                 |                                                                                          |               10 |             40 |
|  CLK_IBUF_BUFG | LAYER_MMSU_1/single_vector_multiplier_generate[2].vector_multiply/result_buffer_temp0                 |                                                                                          |               10 |             40 |
|  CLK_IBUF_BUFG | LAYER_MMSU_1/single_vector_multiplier_generate[10].vector_multiply/result_buffer_temp0                |                                                                                          |               10 |             40 |
|  CLK_IBUF_BUFG | LAYER_MMSU_1/single_vector_multiplier_generate[11].vector_multiply/result_buffer_temp0                |                                                                                          |               10 |             40 |
|  CLK_IBUF_BUFG | LAYER_MMSU_3/single_vector_multiplier_generate[1].vector_multiply/result_buffer_temp[47]_i_1__19_n_0  |                                                                                          |               10 |             40 |
|  CLK_IBUF_BUFG | LAYER_MMSU_3/single_vector_multiplier_generate[14].vector_multiply/result_buffer_temp[47]_i_1__29_n_0 |                                                                                          |               10 |             40 |
|  CLK_IBUF_BUFG | LAYER_MMSU_1/single_vector_multiplier_generate[1].vector_multiply/result_buffer_temp0                 |                                                                                          |               10 |             40 |
|  CLK_IBUF_BUFG | LAYER_MMSU_3/single_vector_multiplier_generate[4].vector_multiply/result_buffer_temp0                 |                                                                                          |               10 |             40 |
|  CLK_IBUF_BUFG | LAYER_MMSU_3/single_vector_multiplier_generate[0].vector_multiply/result_buffer_temp[47]_i_1__18_n_0  |                                                                                          |               10 |             40 |
|  CLK_IBUF_BUFG | LAYER_MMSU_1/single_vector_multiplier_generate[5].vector_multiply/result_buffer_temp0                 |                                                                                          |               10 |             40 |
|  CLK_IBUF_BUFG |                                                                                                       |                                                                                          |               78 |            102 |
+----------------+-------------------------------------------------------------------------------------------------------+------------------------------------------------------------------------------------------+------------------+----------------+


