C:\Users\Kojo\OneDrive\Ashesi\Capstone\Implementation\HAEML\Phase_1\CMSIS/core_cm0plus.h:745:22:NVIC_EnableIRQ	16	static
C:\Users\Kojo\OneDrive\Ashesi\Capstone\Implementation\HAEML\Phase_1\CMSIS/core_cm0plus.h:791:22:NVIC_ClearPendingIRQ	16	static
C:\Users\Kojo\OneDrive\Ashesi\Capstone\Implementation\HAEML\Phase_1\CMSIS/core_cm0plus.h:804:22:NVIC_SetPriority	24	static
../source/Phase_1.c:59:5:main	24	static
../source/Phase_1.c:130:9:fpga_read	16	static
../source/Phase_1.c:140:6:fpga_write_byte	16	static
../source/Phase_1.c:151:6:fpga_write	16	static
../source/Phase_1.c:158:6:fpga_reset	8	static
../source/Phase_1.c:164:6:init_clock	8	static
../source/Phase_1.c:172:6:init_signal_pins	8	static
../source/Phase_1.c:207:6:init_LED	8	static
../source/Phase_1.c:220:6:init_mcu_to_fpga	8	static
../source/Phase_1.c:251:6:init_fpga_to_mcu	8	static
../source/Phase_1.c:264:6:init_interrupt	8	static
../source/Phase_1.c:278:6:init_systick	8	static
../source/Phase_1.c:284:6:init_TPM	8	static
../source/Phase_1.c:298:6:PORTD_IRQHandler	8	static
../source/Phase_1.c:320:6:TPM0_IRQHandler	8	static
../source/Phase_1.c:325:10:get_time_diff_ms	24	static
../source/Phase_1.c:330:6:flash_RED_LED	16	static
../source/Phase_1.c:337:6:delay_ms	24	static
