C:\Users\Kojo\OneDrive\Ashesi\Capstone\Implementation\HAEML\Phase_1\CMSIS/core_cm0plus.h:745:22:NVIC_EnableIRQ	16	static
C:\Users\Kojo\OneDrive\Ashesi\Capstone\Implementation\HAEML\Phase_1\CMSIS/core_cm0plus.h:791:22:NVIC_ClearPendingIRQ	16	static
C:\Users\Kojo\OneDrive\Ashesi\Capstone\Implementation\HAEML\Phase_1\CMSIS/core_cm0plus.h:804:22:NVIC_SetPriority	24	static
../source/Phase_1.c:62:5:main	16	static
../source/Phase_1.c:118:9:fpga_read	16	static
../source/Phase_1.c:128:6:fpga_write_byte	16	static
../source/Phase_1.c:139:6:fpga_write	16	static
../source/Phase_1.c:146:6:fpga_reset	8	static
../source/Phase_1.c:152:6:init_clock	8	static
../source/Phase_1.c:160:6:init_UART0	8	static
../source/Phase_1.c:194:6:init_signal_pins	8	static
../source/Phase_1.c:228:6:init_LED	8	static
../source/Phase_1.c:241:6:init_mcu_to_fpga	8	static
../source/Phase_1.c:272:6:init_fpga_to_mcu	8	static
../source/Phase_1.c:285:6:init_interrupt	8	static
../source/Phase_1.c:299:6:init_systick	8	static
../source/Phase_1.c:305:6:init_TPM	8	static
../source/Phase_1.c:319:6:PORTD_IRQHandler	8	static
../source/Phase_1.c:341:6:TPM0_IRQHandler	8	static
../source/Phase_1.c:346:6:transmit_data	16	static
../source/Phase_1.c:366:10:get_time_diff_ms	24	static
../source/Phase_1.c:371:6:flash_RED_LED	16	static
../source/Phase_1.c:378:6:delay_ms	24	static
