C:\Users\Kojo\OneDrive\Ashesi\Capstone\Implementation\HAEML\Phase_1\CMSIS/core_cm0plus.h:745:22:NVIC_EnableIRQ	16	static
C:\Users\Kojo\OneDrive\Ashesi\Capstone\Implementation\HAEML\Phase_1\CMSIS/core_cm0plus.h:791:22:NVIC_ClearPendingIRQ	16	static
C:\Users\Kojo\OneDrive\Ashesi\Capstone\Implementation\HAEML\Phase_1\CMSIS/core_cm0plus.h:804:22:NVIC_SetPriority	24	static
../source/Phase_1.c:61:5:main	48	static
../source/Phase_1.c:126:9:fpga_read	16	static
../source/Phase_1.c:136:6:fpga_write_byte	16	static
../source/Phase_1.c:147:6:fpga_write	16	static
../source/Phase_1.c:154:6:fpga_reset	8	static
../source/Phase_1.c:160:6:init_clock	8	static
../source/Phase_1.c:168:6:init_UART0	8	static
../source/Phase_1.c:202:6:init_signal_pins	8	static
../source/Phase_1.c:236:6:init_LED	8	static
../source/Phase_1.c:249:6:init_mcu_to_fpga	8	static
../source/Phase_1.c:280:6:init_fpga_to_mcu	8	static
../source/Phase_1.c:293:6:init_interrupt	8	static
../source/Phase_1.c:307:6:init_systick	8	static
../source/Phase_1.c:313:6:init_TPM	8	static
../source/Phase_1.c:327:6:PORTD_IRQHandler	8	static
../source/Phase_1.c:349:6:TPM0_IRQHandler	8	static
../source/Phase_1.c:354:6:transmit_data	16	static
../source/Phase_1.c:374:10:get_time_diff_ms	24	static
../source/Phase_1.c:379:6:flash_RED_LED	16	static
../source/Phase_1.c:386:6:delay_ms	24	static
