C:\Users\Kojo\OneDrive\Ashesi\Capstone\Implementation\HAEML\Phase_1\CMSIS/core_cm0plus.h:745:22:NVIC_EnableIRQ	16	static
C:\Users\Kojo\OneDrive\Ashesi\Capstone\Implementation\HAEML\Phase_1\CMSIS/core_cm0plus.h:791:22:NVIC_ClearPendingIRQ	16	static
C:\Users\Kojo\OneDrive\Ashesi\Capstone\Implementation\HAEML\Phase_1\CMSIS/core_cm0plus.h:804:22:NVIC_SetPriority	24	static
../source/Phase_1.c:63:5:main	48	static
../source/Phase_1.c:140:9:fpga_read	16	static
../source/Phase_1.c:150:6:fpga_write_byte	16	static
../source/Phase_1.c:161:6:fpga_write	16	static
../source/Phase_1.c:168:6:fpga_reset	8	static
../source/Phase_1.c:174:6:init_clock	8	static
../source/Phase_1.c:182:6:init_UART0	8	static
../source/Phase_1.c:216:6:init_signal_pins	8	static
../source/Phase_1.c:250:6:init_LED	8	static
../source/Phase_1.c:263:6:init_mcu_to_fpga	8	static
../source/Phase_1.c:294:6:init_fpga_to_mcu	8	static
../source/Phase_1.c:307:6:init_interrupt	8	static
../source/Phase_1.c:321:6:init_systick	8	static
../source/Phase_1.c:329:6:init_TPM	8	static
../source/Phase_1.c:343:6:SysTick_Handler	8	static
../source/Phase_1.c:347:6:PORTD_IRQHandler	8	static
../source/Phase_1.c:369:6:TPM0_IRQHandler	8	static
../source/Phase_1.c:374:6:transmit_data	16	static
../source/Phase_1.c:394:10:get_number_of_ticks	24	static
../source/Phase_1.c:405:10:get_time_diff_ms	24	static
../source/Phase_1.c:410:6:flash_RED_LED	16	static
../source/Phase_1.c:417:6:delay_ms	24	static
